// Jest Snapshot v1, https://goo.gl/fbAQLP

exports[`renders correctly 1`] = `
<RNCSafeAreaView
  onInsetsChange={[Function]}
  style={
    Object {
      "flex": 1,
    }
  }
>
  <View
    style={
      Array [
        Object {
          "alignItems": "center",
          "backgroundColor": "#fff",
          "flex": 1,
          "flexDirection": "column",
        },
        Object {
          "paddingLeft": 0,
          "paddingRight": 0,
          "paddingTop": 0,
        },
      ]
    }
  >
    <View
      accessibilityIgnoresInvertColors={true}
      style={
        Object {
          "bottom": 0,
          "height": 327.33812949640287,
          "position": "absolute",
          "width": "100%",
        }
      }
    >
      <Image
        source={1}
        style={
          Array [
            Object {
              "bottom": 0,
              "left": 0,
              "position": "absolute",
              "right": 0,
              "top": 0,
            },
            Object {
              "height": 327.33812949640287,
              "width": "100%",
            },
            undefined,
          ]
        }
      />
    </View>
    <Text
      style={
        Object {
          "color": "#404040",
          "fontFamily": "Ubuntu-Medium",
          "fontSize": 20,
          "marginTop": "5%",
          "position": "relative",
          "top": "5%",
        }
      }
    >
      Admin Tools
    </Text>
    <View
      style={
        Object {
          "left": "2%",
          "position": "absolute",
          "top": "5%",
        }
      }
    >
      <View
        accessible={true}
        focusable={false}
        isTVSelectable={true}
        onClick={[Function]}
        onResponderGrant={[Function]}
        onResponderMove={[Function]}
        onResponderRelease={[Function]}
        onResponderTerminate={[Function]}
        onResponderTerminationRequest={[Function]}
        onStartShouldSetResponder={[Function]}
        style={
          Object {
            "alignItems": "center",
            "height": 75,
            "justifyContent": "center",
            "opacity": 1,
            "width": 75,
          }
        }
      >
        <Image
          source={1}
          style={
            Object {
              "height": 13,
              "width": 15,
            }
          }
        />
      </View>
    </View>
    <View
      style={
        Object {
          "position": "relative",
          "top": "27%",
        }
      }
    >
      <View
        style={
          Object {
            "backgroundColor": "#ff6961",
            "borderRadius": 300,
            "elevation": 5,
            "height": 112.5,
            "margin": 10,
            "shadowColor": "#000",
            "shadowOffset": Object {
              "height": 2,
              "width": 0,
            },
            "shadowOpacity": 0.25,
            "shadowRadius": 3.84,
            "width": 600,
          }
        }
      >
        <View
          accessible={true}
          focusable={true}
          isTVSelectable={true}
          onClick={[Function]}
          onResponderGrant={[Function]}
          onResponderMove={[Function]}
          onResponderRelease={[Function]}
          onResponderTerminate={[Function]}
          onResponderTerminationRequest={[Function]}
          onStartShouldSetResponder={[Function]}
          style={
            Object {
              "alignItems": "center",
              "height": "100%",
              "justifyContent": "center",
              "opacity": 1,
              "width": "100%",
            }
          }
        >
          <Text
            style={
              Object {
                "color": "white",
                "fontFamily": "Ubuntu",
              }
            }
          >
            Add a Store
          </Text>
        </View>
      </View>
      <View
        style={
          Object {
            "backgroundColor": "#ff6961",
            "borderRadius": 300,
            "elevation": 5,
            "height": 112.5,
            "margin": 10,
            "shadowColor": "#000",
            "shadowOffset": Object {
              "height": 2,
              "width": 0,
            },
            "shadowOpacity": 0.25,
            "shadowRadius": 3.84,
            "width": 600,
          }
        }
      >
        <View
          accessible={true}
          focusable={true}
          isTVSelectable={true}
          onClick={[Function]}
          onResponderGrant={[Function]}
          onResponderMove={[Function]}
          onResponderRelease={[Function]}
          onResponderTerminate={[Function]}
          onResponderTerminationRequest={[Function]}
          onStartShouldSetResponder={[Function]}
          style={
            Object {
              "alignItems": "center",
              "height": "100%",
              "justifyContent": "center",
              "opacity": 1,
              "width": "100%",
            }
          }
        >
          <Text
            style={
              Object {
                "color": "white",
                "fontFamily": "Ubuntu",
              }
            }
          >
            Edit a Store
          </Text>
        </View>
      </View>
      <View
        style={
          Object {
            "backgroundColor": "#ff6961",
            "borderRadius": 300,
            "elevation": 5,
            "height": 112.5,
            "margin": 10,
            "shadowColor": "#000",
            "shadowOffset": Object {
              "height": 2,
              "width": 0,
            },
            "shadowOpacity": 0.25,
            "shadowRadius": 3.84,
            "width": 600,
          }
        }
      >
        <View
          accessible={true}
          focusable={true}
          isTVSelectable={true}
          onClick={[Function]}
          onResponderGrant={[Function]}
          onResponderMove={[Function]}
          onResponderRelease={[Function]}
          onResponderTerminate={[Function]}
          onResponderTerminationRequest={[Function]}
          onStartShouldSetResponder={[Function]}
          style={
            Object {
              "alignItems": "center",
              "height": "100%",
              "justifyContent": "center",
              "opacity": 1,
              "width": "100%",
            }
          }
        >
          <Text
            style={
              Object {
                "color": "white",
                "fontFamily": "Ubuntu",
              }
            }
          >
            Delete a Store
          </Text>
        </View>
      </View>
    </View>
  </View>
</RNCSafeAreaView>
`;
