// Jest Snapshot v1, https://goo.gl/fbAQLP

exports[`renders correctly 1`] = `
<View
  style={
    Array [
      Object {
        "backgroundColor": "#ff6961",
        "borderRadius": 25,
        "elevation": 5,
        "height": 66.7,
        "margin": 10,
        "shadowColor": "#000",
        "shadowOffset": Object {
          "height": 2,
          "width": 0,
        },
        "shadowOpacity": 0.25,
        "shadowRadius": 3.84,
        "width": 333.5,
      },
      undefined,
    ]
  }
>
  <View
    accessible={true}
    focusable={false}
    isTVSelectable={true}
    onClick={[Function]}
    onResponderGrant={[Function]}
    onResponderMove={[Function]}
    onResponderRelease={[Function]}
    onResponderTerminate={[Function]}
    onResponderTerminationRequest={[Function]}
    onStartShouldSetResponder={[Function]}
    style={
      Object {
        "alignItems": "center",
        "height": "100%",
        "justifyContent": "center",
        "opacity": 1,
        "width": "100%",
      }
    }
  >
    <Text
      style={
        Object {
          "color": "white",
          "fontFamily": "Ubuntu",
        }
      }
    />
  </View>
</View>
`;
