// Jest Snapshot v1, https://goo.gl/fbAQLP

exports[`renders correctly 1`] = `
<View
  style={
    Object {
      "borderBottomWidth": 0.5,
      "borderColor": "#b3b3b3",
      "flexDirection": "row",
      "height": 133.4,
      "justifyContent": "flex-start",
      "paddingHorizontal": "3%",
      "width": "100%",
    }
  }
>
  <View
    style={
      Object {
        "height": "100%",
        "justifyContent": "center",
      }
    }
  >
    <View
      style={
        Object {
          "alignItems": "center",
          "backgroundColor": "#66b58c",
          "borderRadius": 36,
          "flexDirection": "row",
          "height": 112.5,
          "justifyContent": "space-evenly",
          "width": 112.5,
        }
      }
    >
      <Image
        source={1}
        style={
          Object {
            "height": 104.5,
            "width": 104.5,
          }
        }
      />
    </View>
  </View>
  <View
    style={
      Object {
        "height": "100%",
        "justifyContent": "center",
        "marginLeft": "5%",
        "width": "80%",
      }
    }
  >
    <View
      style={
        Object {
          "flexDirection": "row",
          "height": "70%",
          "justifyContent": "space-between",
          "paddingTop": "3%",
        }
      }
    >
      <Text
        style={
          Object {
            "color": "#404040",
            "flexWrap": "wrap",
            "fontFamily": "Ubuntu-Bold",
            "fontSize": 16,
            "width": "90%",
          }
        }
      />
      <Text
        style={
          Object {
            "color": "#404040",
            "fontFamily": "Ubuntu-Bold",
            "fontSize": 14,
          }
        }
      >
        /5
      </Text>
    </View>
    <Text
      style={
        Object {
          "color": "#b3b3b3",
          "flexWrap": "wrap",
          "fontFamily": "Ubuntu",
          "fontSize": 12,
          "marginBottom": "2%",
        }
      }
    >
      
    </Text>
  </View>
</View>
`;
